// Jest Snapshot v1, https://goo.gl/fbAQLP

exports[`Ссылка рендерится без ошибок 1`] = `
<div
  className="loader"
>
  <div
    className="spinner"
  />
</div>
`;
